Input: demo --value 東 --quiet<LEFT:8><TAB>

Shell: bash

> demo --value 東京▏ --quiet

Buffer: "demo --value \u6771\u4eac --quiet"
Cursor: 15

---

Shell: fish

> demo --value 東京 ▏--quiet

Buffer: "demo --value \u6771\u4eac --quiet"
Cursor: 16

---

Shell: zsh

> demo --value 東京 ▏ --quiet

Buffer: "demo --value \u6771\u4eac  --quiet"
Cursor: 16
