Input: demo --value café --qu<TAB>

Shell: bash

> demo --value café --quiet ▏

Buffer: "demo --value cafe\u0301 --quiet "
Cursor: 27

---

Shell: fish

> demo --value café --quiet ▏

Buffer: "demo --value cafe\u0301 --quiet "
Cursor: 27

---

Shell: zsh

> demo --value cafe<0301> --quiet ▏

Buffer: "demo --value cafe\u0301 --quiet "
Cursor: 27
