Input: demo --value café --quiet<LEFT:8><TAB>

Shell: bash

> demo --value café▏ --quiet

Buffer: "demo --value cafe\u0301 --quiet"
Cursor: 18

---

Shell: fish

> demo --value café ▏--quiet

Buffer: "demo --value cafe\u0301 --quiet"
Cursor: 19

---

Shell: zsh

> demo --value cafe<0301> ▏ --quiet

Buffer: "demo --value cafe\u0301  --quiet"
Cursor: 19
