Input: demo --value 🚀launch --qu<TAB>

Shell: bash

> demo --value 🚀launch --quiet ▏

Buffer: "demo --value \ud83d\ude80launch --quiet "
Cursor: 29

---

Shell: fish

> demo --value 🚀launch --quiet ▏

Buffer: "demo --value \ud83d\ude80launch --quiet "
Cursor: 29

---

Shell: zsh

> demo --value 🚀launch --quiet ▏

Buffer: "demo --value \ud83d\ude80launch --quiet "
Cursor: 29
